[2021-09-08T08:24:36.220-0400][gc] Using G1
[2021-09-08T08:24:36.227-0400][gc,init] Version: 16.0.2+7-67 (release)
[2021-09-08T08:24:36.227-0400][gc,init] CPUs: 8 total, 8 available
[2021-09-08T08:24:36.227-0400][gc,init] Memory: 16384M
[2021-09-08T08:24:36.227-0400][gc,init] Large Page Support: Disabled
[2021-09-08T08:24:36.227-0400][gc,init] NUMA Support: Disabled
[2021-09-08T08:24:36.227-0400][gc,init] Compressed Oops: Enabled (Zero based)
[2021-09-08T08:24:36.227-0400][gc,init] Heap Region Size: 1M
[2021-09-08T08:24:36.228-0400][gc,init] Heap Min Capacity: 1G
[2021-09-08T08:24:36.228-0400][gc,init] Heap Initial Capacity: 1G
[2021-09-08T08:24:36.228-0400][gc,init] Heap Max Capacity: 1G
[2021-09-08T08:24:36.228-0400][gc,init] Pre-touch: Disabled
[2021-09-08T08:24:36.228-0400][gc,init] Parallel Workers: 8
[2021-09-08T08:24:36.228-0400][gc,init] Concurrent Workers: 2
[2021-09-08T08:24:36.228-0400][gc,init] Concurrent Refinement Workers: 8
[2021-09-08T08:24:36.228-0400][gc,init] Periodic GC: Disabled
[2021-09-08T08:24:36.228-0400][gc,metaspace] CDS archive(s) mapped at: [0x0000000800000000-0x0000000800bbb000-0x0000000800bbb000), size 12300288, SharedBaseAddress: 0x0000000800000000, ArchiveRelocationMode: 0.
[2021-09-08T08:24:36.228-0400][gc,metaspace] Compressed class space mapped at: 0x0000000800c00000-0x0000000840c00000, reserved size: 1073741824
[2021-09-08T08:24:36.228-0400][gc,metaspace] Narrow klass base: 0x0000000800000000, Narrow klass shift: 3, Narrow klass range: 0x100000000
[2021-09-08T08:24:37.572-0400][gc,start    ] GC(0) Pause Young (Normal) (G1 Evacuation Pause)
[2021-09-08T08:24:37.572-0400][gc,task     ] GC(0) Using 8 workers of 8 for evacuation
[2021-09-08T08:24:37.578-0400][gc,phases   ] GC(0)   Pre Evacuate Collection Set: 0.1ms
[2021-09-08T08:24:37.578-0400][gc,phases   ] GC(0)   Merge Heap Roots: 0.1ms
[2021-09-08T08:24:37.578-0400][gc,phases   ] GC(0)   Evacuate Collection Set: 4.5ms
[2021-09-08T08:24:37.578-0400][gc,phases   ] GC(0)   Post Evacuate Collection Set: 0.5ms
[2021-09-08T08:24:37.578-0400][gc,phases   ] GC(0)   Other: 0.7ms
[2021-09-08T08:24:37.578-0400][gc,heap     ] GC(0) Eden regions: 51->0(44)
[2021-09-08T08:24:37.578-0400][gc,heap     ] GC(0) Survivor regions: 0->7(7)
[2021-09-08T08:24:37.578-0400][gc,heap     ] GC(0) Old regions: 0->0
[2021-09-08T08:24:37.578-0400][gc,heap     ] GC(0) Archive regions: 2->2
[2021-09-08T08:24:37.578-0400][gc,heap     ] GC(0) Humongous regions: 0->0
[2021-09-08T08:24:37.578-0400][gc,metaspace] GC(0) Metaspace: 18376K(18624K)->18376K(18624K) NonClass: 16173K(16320K)->16173K(16320K) Class: 2203K(2304K)->2203K(2304K)
[2021-09-08T08:24:37.578-0400][gc          ] GC(0) Pause Young (Normal) (G1 Evacuation Pause) 51M->7M(1024M) 6.036ms
[2021-09-08T08:24:37.578-0400][gc,cpu      ] GC(0) User=0.02s Sys=0.01s Real=0.00s
[2021-09-08T08:24:37.740-0400][gc,start    ] GC(1) Pause Young (Concurrent Start) (Metadata GC Threshold)
[2021-09-08T08:24:37.741-0400][gc,task     ] GC(1) Using 8 workers of 8 for evacuation
[2021-09-08T08:24:37.747-0400][gc,phases   ] GC(1)   Pre Evacuate Collection Set: 0.1ms
[2021-09-08T08:24:37.747-0400][gc,phases   ] GC(1)   Merge Heap Roots: 0.1ms
[2021-09-08T08:24:37.747-0400][gc,phases   ] GC(1)   Evacuate Collection Set: 5.2ms
[2021-09-08T08:24:37.747-0400][gc,phases   ] GC(1)   Post Evacuate Collection Set: 0.5ms
[2021-09-08T08:24:37.747-0400][gc,phases   ] GC(1)   Other: 0.3ms
[2021-09-08T08:24:37.747-0400][gc,heap     ] GC(1) Eden regions: 10->0(50)
[2021-09-08T08:24:37.747-0400][gc,heap     ] GC(1) Survivor regions: 7->1(7)
[2021-09-08T08:24:37.747-0400][gc,heap     ] GC(1) Old regions: 0->7
[2021-09-08T08:24:37.747-0400][gc,heap     ] GC(1) Archive regions: 2->2
[2021-09-08T08:24:37.747-0400][gc,heap     ] GC(1) Humongous regions: 0->0
[2021-09-08T08:24:37.747-0400][gc,metaspace] GC(1) Metaspace: 21024K(21248K)->21024K(21248K) NonClass: 18500K(18624K)->18500K(18624K) Class: 2524K(2624K)->2524K(2624K)
[2021-09-08T08:24:37.747-0400][gc          ] GC(1) Pause Young (Concurrent Start) (Metadata GC Threshold) 17M->8M(1024M) 6.192ms
[2021-09-08T08:24:37.747-0400][gc,cpu      ] GC(1) User=0.03s Sys=0.02s Real=0.00s
[2021-09-08T08:24:37.747-0400][gc          ] GC(2) Concurrent Mark Cycle
[2021-09-08T08:24:37.747-0400][gc,marking  ] GC(2) Concurrent Clear Claimed Marks
[2021-09-08T08:24:37.747-0400][gc,marking  ] GC(2) Concurrent Clear Claimed Marks 0.017ms
[2021-09-08T08:24:37.747-0400][gc,marking  ] GC(2) Concurrent Scan Root Regions
[2021-09-08T08:24:37.749-0400][gc,marking  ] GC(2) Concurrent Scan Root Regions 2.367ms
[2021-09-08T08:24:37.749-0400][gc,marking  ] GC(2) Concurrent Mark
[2021-09-08T08:24:37.749-0400][gc,marking  ] GC(2) Concurrent Mark From Roots
[2021-09-08T08:24:37.749-0400][gc,task     ] GC(2) Using 2 workers of 2 for marking
[2021-09-08T08:24:37.750-0400][gc,marking  ] GC(2) Concurrent Mark From Roots 1.134ms
[2021-09-08T08:24:37.750-0400][gc,marking  ] GC(2) Concurrent Preclean
[2021-09-08T08:24:37.750-0400][gc,marking  ] GC(2) Concurrent Preclean 0.028ms
[2021-09-08T08:24:37.750-0400][gc,start    ] GC(2) Pause Remark
[2021-09-08T08:24:37.752-0400][gc          ] GC(2) Pause Remark 9M->9M(1024M) 1.176ms
[2021-09-08T08:24:37.752-0400][gc,cpu      ] GC(2) User=0.00s Sys=0.00s Real=0.00s
[2021-09-08T08:24:37.752-0400][gc,marking  ] GC(2) Concurrent Mark 2.539ms
[2021-09-08T08:24:37.752-0400][gc,marking  ] GC(2) Concurrent Rebuild Remembered Sets
[2021-09-08T08:24:37.754-0400][gc,marking  ] GC(2) Concurrent Rebuild Remembered Sets 2.552ms
[2021-09-08T08:24:37.754-0400][gc,start    ] GC(2) Pause Cleanup
[2021-09-08T08:24:37.755-0400][gc          ] GC(2) Pause Cleanup 9M->9M(1024M) 0.104ms
[2021-09-08T08:24:37.755-0400][gc,cpu      ] GC(2) User=0.00s Sys=0.00s Real=0.00s
[2021-09-08T08:24:37.755-0400][gc,marking  ] GC(2) Concurrent Cleanup for Next Mark
[2021-09-08T08:24:37.760-0400][gc,marking  ] GC(2) Concurrent Cleanup for Next Mark 4.929ms
[2021-09-08T08:24:37.760-0400][gc          ] GC(2) Concurrent Mark Cycle 12.829ms
[2021-09-08T08:24:38.532-0400][gc,start    ] GC(3) Pause Young (Normal) (G1 Evacuation Pause)
[2021-09-08T08:24:38.532-0400][gc,task     ] GC(3) Using 8 workers of 8 for evacuation
[2021-09-08T08:24:38.536-0400][gc,phases   ] GC(3)   Pre Evacuate Collection Set: 0.1ms
[2021-09-08T08:24:38.536-0400][gc,phases   ] GC(3)   Merge Heap Roots: 0.1ms
[2021-09-08T08:24:38.536-0400][gc,phases   ] GC(3)   Evacuate Collection Set: 3.0ms
[2021-09-08T08:24:38.536-0400][gc,phases   ] GC(3)   Post Evacuate Collection Set: 0.4ms
[2021-09-08T08:24:38.536-0400][gc,phases   ] GC(3)   Other: 0.1ms
[2021-09-08T08:24:38.536-0400][gc,heap     ] GC(3) Eden regions: 50->0(45)
[2021-09-08T08:24:38.536-0400][gc,heap     ] GC(3) Survivor regions: 1->6(7)
[2021-09-08T08:24:38.536-0400][gc,heap     ] GC(3) Old regions: 7->7
[2021-09-08T08:24:38.536-0400][gc,heap     ] GC(3) Archive regions: 2->2
[2021-09-08T08:24:38.536-0400][gc,heap     ] GC(3) Humongous regions: 129->129
[2021-09-08T08:24:38.536-0400][gc,metaspace] GC(3) Metaspace: 31491K(31744K)->31491K(31744K) NonClass: 27937K(28096K)->27937K(28096K) Class: 3554K(3648K)->3554K(3648K)
[2021-09-08T08:24:38.536-0400][gc          ] GC(3) Pause Young (Normal) (G1 Evacuation Pause) 187M->142M(1024M) 4.408ms
[2021-09-08T08:24:38.536-0400][gc,cpu      ] GC(3) User=0.02s Sys=0.00s Real=0.00s
[2021-09-08T08:24:38.697-0400][gc,start    ] GC(4) Pause Young (Concurrent Start) (GCLocker Initiated GC)
[2021-09-08T08:24:38.697-0400][gc,task     ] GC(4) Using 8 workers of 8 for evacuation
[2021-09-08T08:24:38.703-0400][gc,phases   ] GC(4)   Pre Evacuate Collection Set: 0.1ms
[2021-09-08T08:24:38.703-0400][gc,phases   ] GC(4)   Merge Heap Roots: 0.0ms
[2021-09-08T08:24:38.703-0400][gc,phases   ] GC(4)   Evacuate Collection Set: 5.1ms
[2021-09-08T08:24:38.703-0400][gc,phases   ] GC(4)   Post Evacuate Collection Set: 0.3ms
[2021-09-08T08:24:38.703-0400][gc,phases   ] GC(4)   Other: 0.2ms
[2021-09-08T08:24:38.703-0400][gc,heap     ] GC(4) Eden regions: 19->0(49)
[2021-09-08T08:24:38.703-0400][gc,heap     ] GC(4) Survivor regions: 6->2(7)
[2021-09-08T08:24:38.703-0400][gc,heap     ] GC(4) Old regions: 7->13
[2021-09-08T08:24:38.703-0400][gc,heap     ] GC(4) Archive regions: 2->2
[2021-09-08T08:24:38.703-0400][gc,heap     ] GC(4) Humongous regions: 129->129
[2021-09-08T08:24:38.703-0400][gc,metaspace] GC(4) Metaspace: 35327K(35712K)->35327K(35712K) NonClass: 31243K(31488K)->31243K(31488K) Class: 4083K(4224K)->4083K(4224K)
[2021-09-08T08:24:38.703-0400][gc          ] GC(4) Pause Young (Concurrent Start) (GCLocker Initiated GC) 160M->143M(1024M) 6.035ms
[2021-09-08T08:24:38.703-0400][gc,cpu      ] GC(4) User=0.03s Sys=0.01s Real=0.01s
[2021-09-08T08:24:38.703-0400][gc          ] GC(5) Concurrent Mark Cycle
[2021-09-08T08:24:38.703-0400][gc,marking  ] GC(5) Concurrent Clear Claimed Marks
[2021-09-08T08:24:38.703-0400][gc,marking  ] GC(5) Concurrent Clear Claimed Marks 0.029ms
[2021-09-08T08:24:38.703-0400][gc,marking  ] GC(5) Concurrent Scan Root Regions
[2021-09-08T08:24:38.707-0400][gc,marking  ] GC(5) Concurrent Scan Root Regions 3.495ms
[2021-09-08T08:24:38.707-0400][gc,marking  ] GC(5) Concurrent Mark
[2021-09-08T08:24:38.707-0400][gc,marking  ] GC(5) Concurrent Mark From Roots
[2021-09-08T08:24:38.707-0400][gc,task     ] GC(5) Using 2 workers of 2 for marking
[2021-09-08T08:24:38.715-0400][gc,marking  ] GC(5) Concurrent Mark From Roots 8.383ms
[2021-09-08T08:24:38.715-0400][gc,marking  ] GC(5) Concurrent Preclean
[2021-09-08T08:24:38.715-0400][gc,marking  ] GC(5) Concurrent Preclean 0.111ms
[2021-09-08T08:24:38.715-0400][gc,start    ] GC(5) Pause Remark
[2021-09-08T08:24:38.717-0400][gc          ] GC(5) Pause Remark 145M->145M(1024M) 1.193ms
[2021-09-08T08:24:38.717-0400][gc,cpu      ] GC(5) User=0.00s Sys=0.00s Real=0.00s
[2021-09-08T08:24:38.717-0400][gc,marking  ] GC(5) Concurrent Mark 9.949ms
[2021-09-08T08:24:38.717-0400][gc,marking  ] GC(5) Concurrent Rebuild Remembered Sets
[2021-09-08T08:24:38.725-0400][gc,marking  ] GC(5) Concurrent Rebuild Remembered Sets 8.312ms
[2021-09-08T08:24:38.725-0400][gc,start    ] GC(5) Pause Cleanup
[2021-09-08T08:24:38.725-0400][gc          ] GC(5) Pause Cleanup 145M->145M(1024M) 0.125ms
[2021-09-08T08:24:38.725-0400][gc,cpu      ] GC(5) User=0.00s Sys=0.00s Real=0.00s
[2021-09-08T08:24:38.725-0400][gc,marking  ] GC(5) Concurrent Cleanup for Next Mark
[2021-09-08T08:24:38.732-0400][gc,marking  ] GC(5) Concurrent Cleanup for Next Mark 7.036ms
[2021-09-08T08:24:38.732-0400][gc          ] GC(5) Concurrent Mark Cycle 29.309ms
[2021-09-08T08:25:17.756-0400][gc,heap,exit] Heap
[2021-09-08T08:25:17.756-0400][gc,heap,exit]  garbage-first heap   total 1048576K, used 211801K [0x00000007c0000000, 0x0000000800000000)
[2021-09-08T08:25:17.756-0400][gc,heap,exit]   region size 1024K, 36 young (36864K), 2 survivors (2048K)
[2021-09-08T08:25:17.756-0400][gc,heap,exit]  Metaspace       used 39227K, committed 39808K, reserved 1089536K
[2021-09-08T08:25:17.756-0400][gc,heap,exit]   class space    used 4800K, committed 5056K, reserved 1048576K
