[2021-09-07T11:03:09.595-0400][gc] Using G1
[2021-09-07T11:03:09.601-0400][gc,init] Version: 16.0.2+7-67 (release)
[2021-09-07T11:03:09.601-0400][gc,init] CPUs: 8 total, 8 available
[2021-09-07T11:03:09.601-0400][gc,init] Memory: 16384M
[2021-09-07T11:03:09.601-0400][gc,init] Large Page Support: Disabled
[2021-09-07T11:03:09.601-0400][gc,init] NUMA Support: Disabled
[2021-09-07T11:03:09.601-0400][gc,init] Compressed Oops: Enabled (Zero based)
[2021-09-07T11:03:09.601-0400][gc,init] Heap Region Size: 1M
[2021-09-07T11:03:09.601-0400][gc,init] Heap Min Capacity: 1G
[2021-09-07T11:03:09.601-0400][gc,init] Heap Initial Capacity: 1G
[2021-09-07T11:03:09.601-0400][gc,init] Heap Max Capacity: 1G
[2021-09-07T11:03:09.601-0400][gc,init] Pre-touch: Disabled
[2021-09-07T11:03:09.601-0400][gc,init] Parallel Workers: 8
[2021-09-07T11:03:09.601-0400][gc,init] Concurrent Workers: 2
[2021-09-07T11:03:09.601-0400][gc,init] Concurrent Refinement Workers: 8
[2021-09-07T11:03:09.601-0400][gc,init] Periodic GC: Disabled
[2021-09-07T11:03:09.602-0400][gc,metaspace] CDS archive(s) mapped at: [0x0000000800000000-0x0000000800bbb000-0x0000000800bbb000), size 12300288, SharedBaseAddress: 0x0000000800000000, ArchiveRelocationMode: 0.
[2021-09-07T11:03:09.602-0400][gc,metaspace] Compressed class space mapped at: 0x0000000800c00000-0x0000000840c00000, reserved size: 1073741824
[2021-09-07T11:03:09.602-0400][gc,metaspace] Narrow klass base: 0x0000000800000000, Narrow klass shift: 3, Narrow klass range: 0x100000000
[2021-09-07T11:03:10.772-0400][gc,start    ] GC(0) Pause Young (Normal) (G1 Evacuation Pause)
[2021-09-07T11:03:10.772-0400][gc,task     ] GC(0) Using 8 workers of 8 for evacuation
[2021-09-07T11:03:10.777-0400][gc,phases   ] GC(0)   Pre Evacuate Collection Set: 0.1ms
[2021-09-07T11:03:10.777-0400][gc,phases   ] GC(0)   Merge Heap Roots: 0.1ms
[2021-09-07T11:03:10.777-0400][gc,phases   ] GC(0)   Evacuate Collection Set: 4.2ms
[2021-09-07T11:03:10.777-0400][gc,phases   ] GC(0)   Post Evacuate Collection Set: 0.5ms
[2021-09-07T11:03:10.777-0400][gc,phases   ] GC(0)   Other: 0.6ms
[2021-09-07T11:03:10.777-0400][gc,heap     ] GC(0) Eden regions: 51->0(44)
[2021-09-07T11:03:10.777-0400][gc,heap     ] GC(0) Survivor regions: 0->7(7)
[2021-09-07T11:03:10.777-0400][gc,heap     ] GC(0) Old regions: 0->0
[2021-09-07T11:03:10.777-0400][gc,heap     ] GC(0) Archive regions: 2->2
[2021-09-07T11:03:10.777-0400][gc,heap     ] GC(0) Humongous regions: 0->0
[2021-09-07T11:03:10.777-0400][gc,metaspace] GC(0) Metaspace: 18344K(18560K)->18344K(18560K) NonClass: 16142K(16256K)->16142K(16256K) Class: 2201K(2304K)->2201K(2304K)
[2021-09-07T11:03:10.777-0400][gc          ] GC(0) Pause Young (Normal) (G1 Evacuation Pause) 51M->7M(1024M) 5.515ms
[2021-09-07T11:03:10.777-0400][gc,cpu      ] GC(0) User=0.03s Sys=0.01s Real=0.00s
[2021-09-07T11:03:10.941-0400][gc,start    ] GC(1) Pause Young (Concurrent Start) (Metadata GC Threshold)
[2021-09-07T11:03:10.941-0400][gc,task     ] GC(1) Using 8 workers of 8 for evacuation
[2021-09-07T11:03:10.946-0400][gc,phases   ] GC(1)   Pre Evacuate Collection Set: 0.1ms
[2021-09-07T11:03:10.946-0400][gc,phases   ] GC(1)   Merge Heap Roots: 0.1ms
[2021-09-07T11:03:10.946-0400][gc,phases   ] GC(1)   Evacuate Collection Set: 4.8ms
[2021-09-07T11:03:10.946-0400][gc,phases   ] GC(1)   Post Evacuate Collection Set: 0.4ms
[2021-09-07T11:03:10.946-0400][gc,phases   ] GC(1)   Other: 0.3ms
[2021-09-07T11:03:10.946-0400][gc,heap     ] GC(1) Eden regions: 10->0(50)
[2021-09-07T11:03:10.946-0400][gc,heap     ] GC(1) Survivor regions: 7->1(7)
[2021-09-07T11:03:10.946-0400][gc,heap     ] GC(1) Old regions: 0->7
[2021-09-07T11:03:10.946-0400][gc,heap     ] GC(1) Archive regions: 2->2
[2021-09-07T11:03:10.946-0400][gc,heap     ] GC(1) Humongous regions: 0->0
[2021-09-07T11:03:10.946-0400][gc,metaspace] GC(1) Metaspace: 21029K(21248K)->21029K(21248K) NonClass: 18497K(18624K)->18497K(18624K) Class: 2531K(2624K)->2531K(2624K)
[2021-09-07T11:03:10.946-0400][gc          ] GC(1) Pause Young (Concurrent Start) (Metadata GC Threshold) 17M->8M(1024M) 5.795ms
[2021-09-07T11:03:10.946-0400][gc,cpu      ] GC(1) User=0.03s Sys=0.01s Real=0.00s
[2021-09-07T11:03:10.946-0400][gc          ] GC(2) Concurrent Mark Cycle
[2021-09-07T11:03:10.947-0400][gc,marking  ] GC(2) Concurrent Clear Claimed Marks
[2021-09-07T11:03:10.947-0400][gc,marking  ] GC(2) Concurrent Clear Claimed Marks 0.015ms
[2021-09-07T11:03:10.947-0400][gc,marking  ] GC(2) Concurrent Scan Root Regions
[2021-09-07T11:03:10.949-0400][gc,marking  ] GC(2) Concurrent Scan Root Regions 2.449ms
[2021-09-07T11:03:10.949-0400][gc,marking  ] GC(2) Concurrent Mark
[2021-09-07T11:03:10.949-0400][gc,marking  ] GC(2) Concurrent Mark From Roots
[2021-09-07T11:03:10.949-0400][gc,task     ] GC(2) Using 2 workers of 2 for marking
[2021-09-07T11:03:10.950-0400][gc,marking  ] GC(2) Concurrent Mark From Roots 1.056ms
[2021-09-07T11:03:10.950-0400][gc,marking  ] GC(2) Concurrent Preclean
[2021-09-07T11:03:10.950-0400][gc,marking  ] GC(2) Concurrent Preclean 0.027ms
[2021-09-07T11:03:10.950-0400][gc,start    ] GC(2) Pause Remark
[2021-09-07T11:03:10.952-0400][gc          ] GC(2) Pause Remark 9M->9M(1024M) 1.228ms
[2021-09-07T11:03:10.952-0400][gc,cpu      ] GC(2) User=0.01s Sys=0.00s Real=0.00s
[2021-09-07T11:03:10.952-0400][gc,marking  ] GC(2) Concurrent Mark 2.695ms
[2021-09-07T11:03:10.952-0400][gc,marking  ] GC(2) Concurrent Rebuild Remembered Sets
[2021-09-07T11:03:10.954-0400][gc,marking  ] GC(2) Concurrent Rebuild Remembered Sets 2.407ms
[2021-09-07T11:03:10.954-0400][gc,start    ] GC(2) Pause Cleanup
[2021-09-07T11:03:10.955-0400][gc          ] GC(2) Pause Cleanup 9M->9M(1024M) 0.134ms
[2021-09-07T11:03:10.955-0400][gc,cpu      ] GC(2) User=0.00s Sys=0.01s Real=0.00s
[2021-09-07T11:03:10.955-0400][gc,marking  ] GC(2) Concurrent Cleanup for Next Mark
[2021-09-07T11:03:10.959-0400][gc,marking  ] GC(2) Concurrent Cleanup for Next Mark 4.583ms
[2021-09-07T11:03:10.959-0400][gc          ] GC(2) Concurrent Mark Cycle 12.769ms
[2021-09-07T11:03:15.884-0400][gc,start    ] GC(3) Pause Young (Normal) (G1 Evacuation Pause)
[2021-09-07T11:03:15.884-0400][gc,task     ] GC(3) Using 8 workers of 8 for evacuation
[2021-09-07T11:03:15.889-0400][gc,phases   ] GC(3)   Pre Evacuate Collection Set: 0.1ms
[2021-09-07T11:03:15.889-0400][gc,phases   ] GC(3)   Merge Heap Roots: 0.1ms
[2021-09-07T11:03:15.889-0400][gc,phases   ] GC(3)   Evacuate Collection Set: 3.2ms
[2021-09-07T11:03:15.889-0400][gc,phases   ] GC(3)   Post Evacuate Collection Set: 0.7ms
[2021-09-07T11:03:15.889-0400][gc,phases   ] GC(3)   Other: 0.1ms
[2021-09-07T11:03:15.889-0400][gc,heap     ] GC(3) Eden regions: 50->0(46)
[2021-09-07T11:03:15.889-0400][gc,heap     ] GC(3) Survivor regions: 1->5(7)
[2021-09-07T11:03:15.889-0400][gc,heap     ] GC(3) Old regions: 7->7
[2021-09-07T11:03:15.889-0400][gc,heap     ] GC(3) Archive regions: 2->2
[2021-09-07T11:03:15.889-0400][gc,heap     ] GC(3) Humongous regions: 129->0
[2021-09-07T11:03:15.889-0400][gc,metaspace] GC(3) Metaspace: 30658K(30976K)->30658K(30976K) NonClass: 27068K(27264K)->27068K(27264K) Class: 3589K(3712K)->3589K(3712K)
[2021-09-07T11:03:15.889-0400][gc          ] GC(3) Pause Young (Normal) (G1 Evacuation Pause) 187M->12M(1024M) 4.386ms
[2021-09-07T11:03:15.889-0400][gc,cpu      ] GC(3) User=0.03s Sys=0.00s Real=0.00s
[2021-09-07T11:03:15.913-0400][gc,heap,exit] Heap
[2021-09-07T11:03:15.913-0400][gc,heap,exit]  garbage-first heap   total 1048576K, used 15897K [0x00000007c0000000, 0x0000000800000000)
[2021-09-07T11:03:15.913-0400][gc,heap,exit]   region size 1024K, 9 young (9216K), 5 survivors (5120K)
[2021-09-07T11:03:15.913-0400][gc,heap,exit]  Metaspace       used 30754K, committed 31040K, reserved 1081344K
[2021-09-07T11:03:15.913-0400][gc,heap,exit]   class space    used 3603K, committed 3712K, reserved 1048576K
