[2021-09-02T08:57:14.597-0400][gc] Using G1
[2021-09-02T08:57:14.603-0400][gc,init] Version: 16.0.2+7-67 (release)
[2021-09-02T08:57:14.603-0400][gc,init] CPUs: 8 total, 8 available
[2021-09-02T08:57:14.603-0400][gc,init] Memory: 16384M
[2021-09-02T08:57:14.603-0400][gc,init] Large Page Support: Disabled
[2021-09-02T08:57:14.603-0400][gc,init] NUMA Support: Disabled
[2021-09-02T08:57:14.603-0400][gc,init] Compressed Oops: Enabled (Zero based)
[2021-09-02T08:57:14.603-0400][gc,init] Heap Region Size: 1M
[2021-09-02T08:57:14.603-0400][gc,init] Heap Min Capacity: 1G
[2021-09-02T08:57:14.603-0400][gc,init] Heap Initial Capacity: 1G
[2021-09-02T08:57:14.603-0400][gc,init] Heap Max Capacity: 1G
[2021-09-02T08:57:14.603-0400][gc,init] Pre-touch: Disabled
[2021-09-02T08:57:14.603-0400][gc,init] Parallel Workers: 8
[2021-09-02T08:57:14.603-0400][gc,init] Concurrent Workers: 2
[2021-09-02T08:57:14.603-0400][gc,init] Concurrent Refinement Workers: 8
[2021-09-02T08:57:14.603-0400][gc,init] Periodic GC: Disabled
[2021-09-02T08:57:14.604-0400][gc,metaspace] CDS archive(s) mapped at: [0x0000000800000000-0x0000000800bbb000-0x0000000800bbb000), size 12300288, SharedBaseAddress: 0x0000000800000000, ArchiveRelocationMode: 0.
[2021-09-02T08:57:14.604-0400][gc,metaspace] Compressed class space mapped at: 0x0000000800c00000-0x0000000840c00000, reserved size: 1073741824
[2021-09-02T08:57:14.604-0400][gc,metaspace] Narrow klass base: 0x0000000800000000, Narrow klass shift: 3, Narrow klass range: 0x100000000
[2021-09-02T08:57:16.013-0400][gc,start    ] GC(0) Pause Young (Normal) (G1 Evacuation Pause)
[2021-09-02T08:57:16.014-0400][gc,task     ] GC(0) Using 8 workers of 8 for evacuation
[2021-09-02T08:57:16.019-0400][gc,phases   ] GC(0)   Pre Evacuate Collection Set: 0.1ms
[2021-09-02T08:57:16.019-0400][gc,phases   ] GC(0)   Merge Heap Roots: 0.1ms
[2021-09-02T08:57:16.019-0400][gc,phases   ] GC(0)   Evacuate Collection Set: 4.5ms
[2021-09-02T08:57:16.019-0400][gc,phases   ] GC(0)   Post Evacuate Collection Set: 0.5ms
[2021-09-02T08:57:16.019-0400][gc,phases   ] GC(0)   Other: 0.7ms
[2021-09-02T08:57:16.019-0400][gc,heap     ] GC(0) Eden regions: 51->0(44)
[2021-09-02T08:57:16.019-0400][gc,heap     ] GC(0) Survivor regions: 0->7(7)
[2021-09-02T08:57:16.019-0400][gc,heap     ] GC(0) Old regions: 0->0
[2021-09-02T08:57:16.019-0400][gc,heap     ] GC(0) Archive regions: 2->2
[2021-09-02T08:57:16.019-0400][gc,heap     ] GC(0) Humongous regions: 0->0
[2021-09-02T08:57:16.019-0400][gc,metaspace] GC(0) Metaspace: 18443K(18624K)->18443K(18624K) NonClass: 16221K(16320K)->16221K(16320K) Class: 2222K(2304K)->2222K(2304K)
[2021-09-02T08:57:16.019-0400][gc          ] GC(0) Pause Young (Normal) (G1 Evacuation Pause) 51M->7M(1024M) 6.007ms
[2021-09-02T08:57:16.019-0400][gc,cpu      ] GC(0) User=0.03s Sys=0.01s Real=0.00s
[2021-09-02T08:57:16.259-0400][gc,start    ] GC(1) Pause Young (Concurrent Start) (Metadata GC Threshold)
[2021-09-02T08:57:16.259-0400][gc,task     ] GC(1) Using 8 workers of 8 for evacuation
[2021-09-02T08:57:16.265-0400][gc,phases   ] GC(1)   Pre Evacuate Collection Set: 0.1ms
[2021-09-02T08:57:16.265-0400][gc,phases   ] GC(1)   Merge Heap Roots: 0.1ms
[2021-09-02T08:57:16.265-0400][gc,phases   ] GC(1)   Evacuate Collection Set: 5.0ms
[2021-09-02T08:57:16.265-0400][gc,phases   ] GC(1)   Post Evacuate Collection Set: 0.4ms
[2021-09-02T08:57:16.265-0400][gc,phases   ] GC(1)   Other: 0.3ms
[2021-09-02T08:57:16.265-0400][gc,heap     ] GC(1) Eden regions: 12->0(49)
[2021-09-02T08:57:16.265-0400][gc,heap     ] GC(1) Survivor regions: 7->2(7)
[2021-09-02T08:57:16.265-0400][gc,heap     ] GC(1) Old regions: 0->7
[2021-09-02T08:57:16.265-0400][gc,heap     ] GC(1) Archive regions: 2->2
[2021-09-02T08:57:16.265-0400][gc,heap     ] GC(1) Humongous regions: 129->129
[2021-09-02T08:57:16.265-0400][gc,metaspace] GC(1) Metaspace: 20980K(21248K)->20980K(21248K) NonClass: 18456K(18560K)->18456K(18560K) Class: 2524K(2688K)->2524K(2688K)
[2021-09-02T08:57:16.265-0400][gc          ] GC(1) Pause Young (Concurrent Start) (Metadata GC Threshold) 148M->138M(1024M) 5.989ms
[2021-09-02T08:57:16.265-0400][gc,cpu      ] GC(1) User=0.02s Sys=0.01s Real=0.01s
[2021-09-02T08:57:16.265-0400][gc          ] GC(2) Concurrent Mark Cycle
[2021-09-02T08:57:16.265-0400][gc,marking  ] GC(2) Concurrent Clear Claimed Marks
[2021-09-02T08:57:16.265-0400][gc,marking  ] GC(2) Concurrent Clear Claimed Marks 0.017ms
[2021-09-02T08:57:16.265-0400][gc,marking  ] GC(2) Concurrent Scan Root Regions
[2021-09-02T08:57:16.267-0400][gc,marking  ] GC(2) Concurrent Scan Root Regions 2.361ms
[2021-09-02T08:57:16.268-0400][gc,marking  ] GC(2) Concurrent Mark
[2021-09-02T08:57:16.268-0400][gc,marking  ] GC(2) Concurrent Mark From Roots
[2021-09-02T08:57:16.268-0400][gc,task     ] GC(2) Using 2 workers of 2 for marking
[2021-09-02T08:57:16.269-0400][gc,marking  ] GC(2) Concurrent Mark From Roots 1.279ms
[2021-09-02T08:57:16.269-0400][gc,marking  ] GC(2) Concurrent Preclean
[2021-09-02T08:57:16.269-0400][gc,marking  ] GC(2) Concurrent Preclean 0.049ms
[2021-09-02T08:57:16.269-0400][gc,start    ] GC(2) Pause Remark
[2021-09-02T08:57:16.270-0400][gc          ] GC(2) Pause Remark 138M->138M(1024M) 1.226ms
[2021-09-02T08:57:16.270-0400][gc,cpu      ] GC(2) User=0.01s Sys=0.00s Real=0.01s
[2021-09-02T08:57:16.270-0400][gc,marking  ] GC(2) Concurrent Mark 2.836ms
[2021-09-02T08:57:16.270-0400][gc,marking  ] GC(2) Concurrent Rebuild Remembered Sets
[2021-09-02T08:57:16.272-0400][gc,marking  ] GC(2) Concurrent Rebuild Remembered Sets 2.124ms
[2021-09-02T08:57:16.273-0400][gc,start    ] GC(2) Pause Cleanup
[2021-09-02T08:57:16.273-0400][gc          ] GC(2) Pause Cleanup 138M->138M(1024M) 0.122ms
[2021-09-02T08:57:16.273-0400][gc,cpu      ] GC(2) User=0.00s Sys=0.00s Real=0.00s
[2021-09-02T08:57:16.273-0400][gc,marking  ] GC(2) Concurrent Cleanup for Next Mark
[2021-09-02T08:57:16.277-0400][gc,marking  ] GC(2) Concurrent Cleanup for Next Mark 4.489ms
[2021-09-02T08:57:16.277-0400][gc          ] GC(2) Concurrent Mark Cycle 12.412ms
[2021-09-02T08:57:17.004-0400][gc,start    ] GC(3) Pause Young (Normal) (G1 Evacuation Pause)
[2021-09-02T08:57:17.004-0400][gc,task     ] GC(3) Using 8 workers of 8 for evacuation
[2021-09-02T08:57:17.008-0400][gc,phases   ] GC(3)   Pre Evacuate Collection Set: 0.1ms
[2021-09-02T08:57:17.008-0400][gc,phases   ] GC(3)   Merge Heap Roots: 0.0ms
[2021-09-02T08:57:17.008-0400][gc,phases   ] GC(3)   Evacuate Collection Set: 3.5ms
[2021-09-02T08:57:17.008-0400][gc,phases   ] GC(3)   Post Evacuate Collection Set: 0.3ms
[2021-09-02T08:57:17.008-0400][gc,phases   ] GC(3)   Other: 0.1ms
[2021-09-02T08:57:17.008-0400][gc,heap     ] GC(3) Eden regions: 49->0(45)
[2021-09-02T08:57:17.008-0400][gc,heap     ] GC(3) Survivor regions: 2->6(7)
[2021-09-02T08:57:17.008-0400][gc,heap     ] GC(3) Old regions: 7->7
[2021-09-02T08:57:17.008-0400][gc,heap     ] GC(3) Archive regions: 2->2
[2021-09-02T08:57:17.008-0400][gc,heap     ] GC(3) Humongous regions: 129->129
[2021-09-02T08:57:17.008-0400][gc,metaspace] GC(3) Metaspace: 32287K(32576K)->32287K(32576K) NonClass: 28631K(28800K)->28631K(28800K) Class: 3655K(3776K)->3655K(3776K)
[2021-09-02T08:57:17.008-0400][gc          ] GC(3) Pause Young (Normal) (G1 Evacuation Pause) 187M->142M(1024M) 4.217ms
[2021-09-02T08:57:17.008-0400][gc,cpu      ] GC(3) User=0.03s Sys=0.00s Real=0.00s
[2021-09-02T08:57:57.499-0400][gc,start    ] GC(4) Pause Young (Concurrent Start) (Metadata GC Threshold)
[2021-09-02T08:57:57.499-0400][gc,task     ] GC(4) Using 8 workers of 8 for evacuation
[2021-09-02T08:57:57.505-0400][gc,phases   ] GC(4)   Pre Evacuate Collection Set: 0.1ms
[2021-09-02T08:57:57.506-0400][gc,phases   ] GC(4)   Merge Heap Roots: 0.1ms
[2021-09-02T08:57:57.506-0400][gc,phases   ] GC(4)   Evacuate Collection Set: 5.3ms
[2021-09-02T08:57:57.506-0400][gc,phases   ] GC(4)   Post Evacuate Collection Set: 0.4ms
[2021-09-02T08:57:57.506-0400][gc,phases   ] GC(4)   Other: 0.3ms
[2021-09-02T08:57:57.506-0400][gc,heap     ] GC(4) Eden regions: 16->0(49)
[2021-09-02T08:57:57.506-0400][gc,heap     ] GC(4) Survivor regions: 6->2(7)
[2021-09-02T08:57:57.506-0400][gc,heap     ] GC(4) Old regions: 7->13
[2021-09-02T08:57:57.506-0400][gc,heap     ] GC(4) Archive regions: 2->2
[2021-09-02T08:57:57.506-0400][gc,heap     ] GC(4) Humongous regions: 129->129
[2021-09-02T08:57:57.506-0400][gc,metaspace] GC(4) Metaspace: 35199K(35520K)->35199K(35520K) NonClass: 31077K(31232K)->31077K(31232K) Class: 4122K(4288K)->4122K(4288K)
[2021-09-02T08:57:57.506-0400][gc          ] GC(4) Pause Young (Concurrent Start) (Metadata GC Threshold) 157M->143M(1024M) 7.215ms
[2021-09-02T08:57:57.506-0400][gc,cpu      ] GC(4) User=0.03s Sys=0.01s Real=0.01s
[2021-09-02T08:57:57.506-0400][gc          ] GC(5) Concurrent Mark Cycle
[2021-09-02T08:57:57.506-0400][gc,marking  ] GC(5) Concurrent Clear Claimed Marks
[2021-09-02T08:57:57.507-0400][gc,marking  ] GC(5) Concurrent Clear Claimed Marks 0.189ms
[2021-09-02T08:57:57.507-0400][gc,marking  ] GC(5) Concurrent Scan Root Regions
[2021-09-02T08:57:57.510-0400][gc,marking  ] GC(5) Concurrent Scan Root Regions 2.953ms
[2021-09-02T08:57:57.510-0400][gc,marking  ] GC(5) Concurrent Mark
[2021-09-02T08:57:57.510-0400][gc,marking  ] GC(5) Concurrent Mark From Roots
[2021-09-02T08:57:57.510-0400][gc,task     ] GC(5) Using 2 workers of 2 for marking
[2021-09-02T08:57:57.515-0400][gc,marking  ] GC(5) Concurrent Mark From Roots 5.339ms
[2021-09-02T08:57:57.515-0400][gc,marking  ] GC(5) Concurrent Preclean
[2021-09-02T08:57:57.515-0400][gc,marking  ] GC(5) Concurrent Preclean 0.098ms
[2021-09-02T08:57:57.516-0400][gc,start    ] GC(5) Pause Remark
[2021-09-02T08:57:57.517-0400][gc          ] GC(5) Pause Remark 144M->144M(1024M) 1.355ms
[2021-09-02T08:57:57.517-0400][gc,cpu      ] GC(5) User=0.00s Sys=0.00s Real=0.00s
[2021-09-02T08:57:57.517-0400][gc,marking  ] GC(5) Concurrent Mark 7.760ms
[2021-09-02T08:57:57.517-0400][gc,marking  ] GC(5) Concurrent Rebuild Remembered Sets
[2021-09-02T08:57:57.523-0400][gc,marking  ] GC(5) Concurrent Rebuild Remembered Sets 5.521ms
[2021-09-02T08:57:57.524-0400][gc,start    ] GC(5) Pause Cleanup
[2021-09-02T08:57:57.524-0400][gc          ] GC(5) Pause Cleanup 144M->144M(1024M) 0.125ms
[2021-09-02T08:57:57.524-0400][gc,cpu      ] GC(5) User=0.00s Sys=0.00s Real=0.00s
[2021-09-02T08:57:57.524-0400][gc,marking  ] GC(5) Concurrent Cleanup for Next Mark
[2021-09-02T08:57:57.531-0400][gc,marking  ] GC(5) Concurrent Cleanup for Next Mark 6.338ms
[2021-09-02T08:57:57.531-0400][gc          ] GC(5) Concurrent Mark Cycle 24.550ms
[2021-09-02T09:03:41.859-0400][gc,start    ] GC(6) Pause Young (Normal) (G1 Evacuation Pause)
[2021-09-02T09:03:41.859-0400][gc,task     ] GC(6) Using 8 workers of 8 for evacuation
[2021-09-02T09:03:41.865-0400][gc,phases   ] GC(6)   Pre Evacuate Collection Set: 0.1ms
[2021-09-02T09:03:41.865-0400][gc,phases   ] GC(6)   Merge Heap Roots: 0.1ms
[2021-09-02T09:03:41.865-0400][gc,phases   ] GC(6)   Evacuate Collection Set: 5.3ms
[2021-09-02T09:03:41.865-0400][gc,phases   ] GC(6)   Post Evacuate Collection Set: 0.7ms
[2021-09-02T09:03:41.865-0400][gc,phases   ] GC(6)   Other: 0.3ms
[2021-09-02T09:03:41.865-0400][gc,heap     ] GC(6) Eden regions: 49->0(46)
[2021-09-02T09:03:41.865-0400][gc,heap     ] GC(6) Survivor regions: 2->5(7)
[2021-09-02T09:03:41.865-0400][gc,heap     ] GC(6) Old regions: 13->13
[2021-09-02T09:03:41.865-0400][gc,heap     ] GC(6) Archive regions: 2->2
[2021-09-02T09:03:41.865-0400][gc,heap     ] GC(6) Humongous regions: 129->129
[2021-09-02T09:03:41.865-0400][gc,metaspace] GC(6) Metaspace: 39390K(39936K)->39390K(39936K) NonClass: 34766K(35072K)->34766K(35072K) Class: 4624K(4864K)->4624K(4864K)
[2021-09-02T09:03:41.866-0400][gc          ] GC(6) Pause Young (Normal) (G1 Evacuation Pause) 192M->146M(1024M) 6.775ms
[2021-09-02T09:03:41.866-0400][gc,cpu      ] GC(6) User=0.04s Sys=0.00s Real=0.01s
[2021-09-02T09:15:57.529-0400][gc,start    ] GC(7) Pause Young (Normal) (G1 Evacuation Pause)
[2021-09-02T09:15:57.529-0400][gc,task     ] GC(7) Using 8 workers of 8 for evacuation
[2021-09-02T09:15:57.533-0400][gc,phases   ] GC(7)   Pre Evacuate Collection Set: 0.1ms
[2021-09-02T09:15:57.533-0400][gc,phases   ] GC(7)   Merge Heap Roots: 0.1ms
[2021-09-02T09:15:57.533-0400][gc,phases   ] GC(7)   Evacuate Collection Set: 3.7ms
[2021-09-02T09:15:57.534-0400][gc,phases   ] GC(7)   Post Evacuate Collection Set: 0.4ms
[2021-09-02T09:15:57.534-0400][gc,phases   ] GC(7)   Other: 0.2ms
[2021-09-02T09:15:57.534-0400][gc,heap     ] GC(7) Eden regions: 46->0(49)
[2021-09-02T09:15:57.534-0400][gc,heap     ] GC(7) Survivor regions: 5->2(7)
[2021-09-02T09:15:57.534-0400][gc,heap     ] GC(7) Old regions: 13->15
[2021-09-02T09:15:57.534-0400][gc,heap     ] GC(7) Archive regions: 2->2
[2021-09-02T09:15:57.534-0400][gc,heap     ] GC(7) Humongous regions: 129->129
[2021-09-02T09:15:57.534-0400][gc,metaspace] GC(7) Metaspace: 39994K(40576K)->39994K(40576K) NonClass: 35279K(35584K)->35279K(35584K) Class: 4715K(4992K)->4715K(4992K)
[2021-09-02T09:15:57.534-0400][gc          ] GC(7) Pause Young (Normal) (G1 Evacuation Pause) 192M->146M(1024M) 4.658ms
[2021-09-02T09:15:57.534-0400][gc,cpu      ] GC(7) User=0.02s Sys=0.00s Real=0.01s
[2021-09-02T09:26:22.838-0400][gc,heap,exit] Heap
[2021-09-02T09:26:22.838-0400][gc,heap,exit]  garbage-first heap   total 1048576K, used 194145K [0x00000007c0000000, 0x0000000800000000)
[2021-09-02T09:26:22.839-0400][gc,heap,exit]   region size 1024K, 45 young (46080K), 2 survivors (2048K)
[2021-09-02T09:26:22.839-0400][gc,heap,exit]  Metaspace       used 40830K, committed 41408K, reserved 1089536K
[2021-09-02T09:26:22.839-0400][gc,heap,exit]   class space    used 4893K, committed 5184K, reserved 1048576K
