[2021-09-07T10:25:02.985-0400][gc] Using G1
[2021-09-07T10:25:02.993-0400][gc,init] Version: 16.0.2+7-67 (release)
[2021-09-07T10:25:02.993-0400][gc,init] CPUs: 8 total, 8 available
[2021-09-07T10:25:02.993-0400][gc,init] Memory: 16384M
[2021-09-07T10:25:02.993-0400][gc,init] Large Page Support: Disabled
[2021-09-07T10:25:02.993-0400][gc,init] NUMA Support: Disabled
[2021-09-07T10:25:02.993-0400][gc,init] Compressed Oops: Enabled (Zero based)
[2021-09-07T10:25:02.993-0400][gc,init] Heap Region Size: 1M
[2021-09-07T10:25:02.993-0400][gc,init] Heap Min Capacity: 1G
[2021-09-07T10:25:02.993-0400][gc,init] Heap Initial Capacity: 1G
[2021-09-07T10:25:02.993-0400][gc,init] Heap Max Capacity: 1G
[2021-09-07T10:25:02.993-0400][gc,init] Pre-touch: Disabled
[2021-09-07T10:25:02.993-0400][gc,init] Parallel Workers: 8
[2021-09-07T10:25:02.993-0400][gc,init] Concurrent Workers: 2
[2021-09-07T10:25:02.993-0400][gc,init] Concurrent Refinement Workers: 8
[2021-09-07T10:25:02.993-0400][gc,init] Periodic GC: Disabled
[2021-09-07T10:25:02.993-0400][gc,metaspace] CDS archive(s) mapped at: [0x0000000800000000-0x0000000800bbb000-0x0000000800bbb000), size 12300288, SharedBaseAddress: 0x0000000800000000, ArchiveRelocationMode: 0.
[2021-09-07T10:25:02.993-0400][gc,metaspace] Compressed class space mapped at: 0x0000000800c00000-0x0000000840c00000, reserved size: 1073741824
[2021-09-07T10:25:02.993-0400][gc,metaspace] Narrow klass base: 0x0000000800000000, Narrow klass shift: 3, Narrow klass range: 0x100000000
[2021-09-07T10:25:04.425-0400][gc,start    ] GC(0) Pause Young (Normal) (G1 Evacuation Pause)
[2021-09-07T10:25:04.425-0400][gc,task     ] GC(0) Using 8 workers of 8 for evacuation
[2021-09-07T10:25:04.431-0400][gc,phases   ] GC(0)   Pre Evacuate Collection Set: 0.1ms
[2021-09-07T10:25:04.431-0400][gc,phases   ] GC(0)   Merge Heap Roots: 0.0ms
[2021-09-07T10:25:04.431-0400][gc,phases   ] GC(0)   Evacuate Collection Set: 4.4ms
[2021-09-07T10:25:04.431-0400][gc,phases   ] GC(0)   Post Evacuate Collection Set: 0.5ms
[2021-09-07T10:25:04.431-0400][gc,phases   ] GC(0)   Other: 0.6ms
[2021-09-07T10:25:04.431-0400][gc,heap     ] GC(0) Eden regions: 51->0(44)
[2021-09-07T10:25:04.431-0400][gc,heap     ] GC(0) Survivor regions: 0->7(7)
[2021-09-07T10:25:04.431-0400][gc,heap     ] GC(0) Old regions: 0->0
[2021-09-07T10:25:04.431-0400][gc,heap     ] GC(0) Archive regions: 2->2
[2021-09-07T10:25:04.431-0400][gc,heap     ] GC(0) Humongous regions: 0->0
[2021-09-07T10:25:04.431-0400][gc,metaspace] GC(0) Metaspace: 18304K(18560K)->18304K(18560K) NonClass: 16111K(16256K)->16111K(16256K) Class: 2193K(2304K)->2193K(2304K)
[2021-09-07T10:25:04.431-0400][gc          ] GC(0) Pause Young (Normal) (G1 Evacuation Pause) 51M->7M(1024M) 5.862ms
[2021-09-07T10:25:04.431-0400][gc,cpu      ] GC(0) User=0.02s Sys=0.01s Real=0.01s
[2021-09-07T10:25:04.647-0400][gc,start    ] GC(1) Pause Young (Concurrent Start) (Metadata GC Threshold)
[2021-09-07T10:25:04.647-0400][gc,task     ] GC(1) Using 8 workers of 8 for evacuation
[2021-09-07T10:25:04.653-0400][gc,phases   ] GC(1)   Pre Evacuate Collection Set: 0.1ms
[2021-09-07T10:25:04.653-0400][gc,phases   ] GC(1)   Merge Heap Roots: 0.0ms
[2021-09-07T10:25:04.653-0400][gc,phases   ] GC(1)   Evacuate Collection Set: 5.5ms
[2021-09-07T10:25:04.653-0400][gc,phases   ] GC(1)   Post Evacuate Collection Set: 0.5ms
[2021-09-07T10:25:04.653-0400][gc,phases   ] GC(1)   Other: 0.2ms
[2021-09-07T10:25:04.653-0400][gc,heap     ] GC(1) Eden regions: 11->0(50)
[2021-09-07T10:25:04.653-0400][gc,heap     ] GC(1) Survivor regions: 7->1(7)
[2021-09-07T10:25:04.653-0400][gc,heap     ] GC(1) Old regions: 0->7
[2021-09-07T10:25:04.653-0400][gc,heap     ] GC(1) Archive regions: 2->2
[2021-09-07T10:25:04.653-0400][gc,heap     ] GC(1) Humongous regions: 0->0
[2021-09-07T10:25:04.653-0400][gc,metaspace] GC(1) Metaspace: 21042K(21248K)->21042K(21248K) NonClass: 18511K(18624K)->18511K(18624K) Class: 2531K(2624K)->2531K(2624K)
[2021-09-07T10:25:04.653-0400][gc          ] GC(1) Pause Young (Concurrent Start) (Metadata GC Threshold) 18M->8M(1024M) 6.505ms
[2021-09-07T10:25:04.653-0400][gc,cpu      ] GC(1) User=0.03s Sys=0.01s Real=0.01s
[2021-09-07T10:25:04.653-0400][gc          ] GC(2) Concurrent Mark Cycle
[2021-09-07T10:25:04.653-0400][gc,marking  ] GC(2) Concurrent Clear Claimed Marks
[2021-09-07T10:25:04.653-0400][gc,marking  ] GC(2) Concurrent Clear Claimed Marks 0.015ms
[2021-09-07T10:25:04.653-0400][gc,marking  ] GC(2) Concurrent Scan Root Regions
[2021-09-07T10:25:04.656-0400][gc,marking  ] GC(2) Concurrent Scan Root Regions 2.456ms
[2021-09-07T10:25:04.656-0400][gc,marking  ] GC(2) Concurrent Mark
[2021-09-07T10:25:04.656-0400][gc,marking  ] GC(2) Concurrent Mark From Roots
[2021-09-07T10:25:04.656-0400][gc,task     ] GC(2) Using 2 workers of 2 for marking
[2021-09-07T10:25:04.657-0400][gc,marking  ] GC(2) Concurrent Mark From Roots 1.078ms
[2021-09-07T10:25:04.657-0400][gc,marking  ] GC(2) Concurrent Preclean
[2021-09-07T10:25:04.657-0400][gc,marking  ] GC(2) Concurrent Preclean 0.030ms
[2021-09-07T10:25:04.657-0400][gc,start    ] GC(2) Pause Remark
[2021-09-07T10:25:04.658-0400][gc          ] GC(2) Pause Remark 9M->9M(1024M) 1.141ms
[2021-09-07T10:25:04.658-0400][gc,cpu      ] GC(2) User=0.00s Sys=0.00s Real=0.00s
[2021-09-07T10:25:04.658-0400][gc,marking  ] GC(2) Concurrent Mark 2.474ms
[2021-09-07T10:25:04.658-0400][gc,marking  ] GC(2) Concurrent Rebuild Remembered Sets
[2021-09-07T10:25:04.661-0400][gc,marking  ] GC(2) Concurrent Rebuild Remembered Sets 2.270ms
[2021-09-07T10:25:04.661-0400][gc,start    ] GC(2) Pause Cleanup
[2021-09-07T10:25:04.661-0400][gc          ] GC(2) Pause Cleanup 9M->9M(1024M) 0.116ms
[2021-09-07T10:25:04.661-0400][gc,cpu      ] GC(2) User=0.00s Sys=0.00s Real=0.00s
[2021-09-07T10:25:04.661-0400][gc,marking  ] GC(2) Concurrent Cleanup for Next Mark
[2021-09-07T10:25:04.666-0400][gc,marking  ] GC(2) Concurrent Cleanup for Next Mark 4.694ms
[2021-09-07T10:25:04.666-0400][gc          ] GC(2) Concurrent Mark Cycle 12.395ms
[2021-09-07T10:25:05.663-0400][gc,start    ] GC(3) Pause Young (Normal) (G1 Evacuation Pause)
[2021-09-07T10:25:05.663-0400][gc,task     ] GC(3) Using 8 workers of 8 for evacuation
[2021-09-07T10:25:05.668-0400][gc,phases   ] GC(3)   Pre Evacuate Collection Set: 0.1ms
[2021-09-07T10:25:05.668-0400][gc,phases   ] GC(3)   Merge Heap Roots: 0.1ms
[2021-09-07T10:25:05.668-0400][gc,phases   ] GC(3)   Evacuate Collection Set: 3.6ms
[2021-09-07T10:25:05.668-0400][gc,phases   ] GC(3)   Post Evacuate Collection Set: 0.4ms
[2021-09-07T10:25:05.668-0400][gc,phases   ] GC(3)   Other: 0.2ms
[2021-09-07T10:25:05.668-0400][gc,heap     ] GC(3) Eden regions: 50->0(45)
[2021-09-07T10:25:05.668-0400][gc,heap     ] GC(3) Survivor regions: 1->6(7)
[2021-09-07T10:25:05.668-0400][gc,heap     ] GC(3) Old regions: 7->7
[2021-09-07T10:25:05.668-0400][gc,heap     ] GC(3) Archive regions: 2->2
[2021-09-07T10:25:05.668-0400][gc,heap     ] GC(3) Humongous regions: 129->129
[2021-09-07T10:25:05.668-0400][gc,metaspace] GC(3) Metaspace: 31085K(31360K)->31085K(31360K) NonClass: 27568K(27712K)->27568K(27712K) Class: 3517K(3648K)->3517K(3648K)
[2021-09-07T10:25:05.668-0400][gc          ] GC(3) Pause Young (Normal) (G1 Evacuation Pause) 187M->141M(1024M) 4.524ms
[2021-09-07T10:25:05.668-0400][gc,cpu      ] GC(3) User=0.03s Sys=0.00s Real=0.00s
[2021-09-07T10:25:05.894-0400][gc,start    ] GC(4) Pause Young (Concurrent Start) (Metadata GC Threshold)
[2021-09-07T10:25:05.894-0400][gc,task     ] GC(4) Using 8 workers of 8 for evacuation
[2021-09-07T10:25:05.899-0400][gc,phases   ] GC(4)   Pre Evacuate Collection Set: 0.1ms
[2021-09-07T10:25:05.899-0400][gc,phases   ] GC(4)   Merge Heap Roots: 0.1ms
[2021-09-07T10:25:05.899-0400][gc,phases   ] GC(4)   Evacuate Collection Set: 4.7ms
[2021-09-07T10:25:05.899-0400][gc,phases   ] GC(4)   Post Evacuate Collection Set: 0.4ms
[2021-09-07T10:25:05.899-0400][gc,phases   ] GC(4)   Other: 0.3ms
[2021-09-07T10:25:05.899-0400][gc,heap     ] GC(4) Eden regions: 20->0(49)
[2021-09-07T10:25:05.899-0400][gc,heap     ] GC(4) Survivor regions: 6->2(7)
[2021-09-07T10:25:05.899-0400][gc,heap     ] GC(4) Old regions: 7->12
[2021-09-07T10:25:05.899-0400][gc,heap     ] GC(4) Archive regions: 2->2
[2021-09-07T10:25:05.899-0400][gc,heap     ] GC(4) Humongous regions: 129->129
[2021-09-07T10:25:05.899-0400][gc,metaspace] GC(4) Metaspace: 35493K(35776K)->35493K(35776K) NonClass: 31400K(31552K)->31400K(31552K) Class: 4092K(4224K)->4092K(4224K)
[2021-09-07T10:25:05.899-0400][gc          ] GC(4) Pause Young (Concurrent Start) (Metadata GC Threshold) 161M->143M(1024M) 5.704ms
[2021-09-07T10:25:05.900-0400][gc,cpu      ] GC(4) User=0.04s Sys=0.00s Real=0.01s
[2021-09-07T10:25:05.900-0400][gc          ] GC(5) Concurrent Mark Cycle
[2021-09-07T10:25:05.900-0400][gc,marking  ] GC(5) Concurrent Clear Claimed Marks
[2021-09-07T10:25:05.900-0400][gc,marking  ] GC(5) Concurrent Clear Claimed Marks 0.032ms
[2021-09-07T10:25:05.900-0400][gc,marking  ] GC(5) Concurrent Scan Root Regions
[2021-09-07T10:25:05.903-0400][gc,marking  ] GC(5) Concurrent Scan Root Regions 3.006ms
[2021-09-07T10:25:05.903-0400][gc,marking  ] GC(5) Concurrent Mark
[2021-09-07T10:25:05.903-0400][gc,marking  ] GC(5) Concurrent Mark From Roots
[2021-09-07T10:25:05.903-0400][gc,task     ] GC(5) Using 2 workers of 2 for marking
[2021-09-07T10:25:05.910-0400][gc,marking  ] GC(5) Concurrent Mark From Roots 7.731ms
[2021-09-07T10:25:05.910-0400][gc,marking  ] GC(5) Concurrent Preclean
[2021-09-07T10:25:05.911-0400][gc,marking  ] GC(5) Concurrent Preclean 0.061ms
[2021-09-07T10:25:05.911-0400][gc,start    ] GC(5) Pause Remark
[2021-09-07T10:25:05.912-0400][gc          ] GC(5) Pause Remark 144M->144M(1024M) 1.266ms
[2021-09-07T10:25:05.912-0400][gc,cpu      ] GC(5) User=0.01s Sys=0.00s Real=0.00s
[2021-09-07T10:25:05.912-0400][gc,marking  ] GC(5) Concurrent Mark 9.300ms
[2021-09-07T10:25:05.912-0400][gc,marking  ] GC(5) Concurrent Rebuild Remembered Sets
[2021-09-07T10:25:05.919-0400][gc,marking  ] GC(5) Concurrent Rebuild Remembered Sets 7.421ms
[2021-09-07T10:25:05.920-0400][gc,start    ] GC(5) Pause Cleanup
[2021-09-07T10:25:05.920-0400][gc          ] GC(5) Pause Cleanup 144M->144M(1024M) 0.193ms
[2021-09-07T10:25:05.920-0400][gc,cpu      ] GC(5) User=0.00s Sys=0.00s Real=0.00s
[2021-09-07T10:25:05.920-0400][gc,marking  ] GC(5) Concurrent Cleanup for Next Mark
[2021-09-07T10:25:05.927-0400][gc,marking  ] GC(5) Concurrent Cleanup for Next Mark 7.544ms
[2021-09-07T10:25:05.927-0400][gc          ] GC(5) Concurrent Mark Cycle 27.957ms
[2021-09-07T10:27:14.926-0400][gc,heap,exit] Heap
[2021-09-07T10:27:14.926-0400][gc,heap,exit]  garbage-first heap   total 1048576K, used 198704K [0x00000007c0000000, 0x0000000800000000)
[2021-09-07T10:27:14.926-0400][gc,heap,exit]   region size 1024K, 41 young (41984K), 2 survivors (2048K)
[2021-09-07T10:27:14.926-0400][gc,heap,exit]  Metaspace       used 39938K, committed 40512K, reserved 1089536K
[2021-09-07T10:27:14.926-0400][gc,heap,exit]   class space    used 4859K, committed 5120K, reserved 1048576K
