[2021-09-07T11:03:52.138-0400][gc] Using G1
[2021-09-07T11:03:52.145-0400][gc,init] Version: 16.0.2+7-67 (release)
[2021-09-07T11:03:52.145-0400][gc,init] CPUs: 8 total, 8 available
[2021-09-07T11:03:52.145-0400][gc,init] Memory: 16384M
[2021-09-07T11:03:52.145-0400][gc,init] Large Page Support: Disabled
[2021-09-07T11:03:52.145-0400][gc,init] NUMA Support: Disabled
[2021-09-07T11:03:52.145-0400][gc,init] Compressed Oops: Enabled (Zero based)
[2021-09-07T11:03:52.145-0400][gc,init] Heap Region Size: 1M
[2021-09-07T11:03:52.145-0400][gc,init] Heap Min Capacity: 1G
[2021-09-07T11:03:52.145-0400][gc,init] Heap Initial Capacity: 1G
[2021-09-07T11:03:52.145-0400][gc,init] Heap Max Capacity: 1G
[2021-09-07T11:03:52.145-0400][gc,init] Pre-touch: Disabled
[2021-09-07T11:03:52.145-0400][gc,init] Parallel Workers: 8
[2021-09-07T11:03:52.145-0400][gc,init] Concurrent Workers: 2
[2021-09-07T11:03:52.145-0400][gc,init] Concurrent Refinement Workers: 8
[2021-09-07T11:03:52.145-0400][gc,init] Periodic GC: Disabled
[2021-09-07T11:03:52.146-0400][gc,metaspace] CDS archive(s) mapped at: [0x0000000800000000-0x0000000800bbb000-0x0000000800bbb000), size 12300288, SharedBaseAddress: 0x0000000800000000, ArchiveRelocationMode: 0.
[2021-09-07T11:03:52.146-0400][gc,metaspace] Compressed class space mapped at: 0x0000000800c00000-0x0000000840c00000, reserved size: 1073741824
[2021-09-07T11:03:52.146-0400][gc,metaspace] Narrow klass base: 0x0000000800000000, Narrow klass shift: 3, Narrow klass range: 0x100000000
[2021-09-07T11:03:53.283-0400][gc,start    ] GC(0) Pause Young (Normal) (G1 Evacuation Pause)
[2021-09-07T11:03:53.284-0400][gc,task     ] GC(0) Using 8 workers of 8 for evacuation
[2021-09-07T11:03:53.289-0400][gc,phases   ] GC(0)   Pre Evacuate Collection Set: 0.1ms
[2021-09-07T11:03:53.289-0400][gc,phases   ] GC(0)   Merge Heap Roots: 0.1ms
[2021-09-07T11:03:53.289-0400][gc,phases   ] GC(0)   Evacuate Collection Set: 4.0ms
[2021-09-07T11:03:53.289-0400][gc,phases   ] GC(0)   Post Evacuate Collection Set: 0.5ms
[2021-09-07T11:03:53.289-0400][gc,phases   ] GC(0)   Other: 0.7ms
[2021-09-07T11:03:53.289-0400][gc,heap     ] GC(0) Eden regions: 51->0(44)
[2021-09-07T11:03:53.289-0400][gc,heap     ] GC(0) Survivor regions: 0->7(7)
[2021-09-07T11:03:53.289-0400][gc,heap     ] GC(0) Old regions: 0->0
[2021-09-07T11:03:53.289-0400][gc,heap     ] GC(0) Archive regions: 2->2
[2021-09-07T11:03:53.289-0400][gc,heap     ] GC(0) Humongous regions: 0->0
[2021-09-07T11:03:53.289-0400][gc,metaspace] GC(0) Metaspace: 18370K(18624K)->18370K(18624K) NonClass: 16166K(16320K)->16166K(16320K) Class: 2203K(2304K)->2203K(2304K)
[2021-09-07T11:03:53.289-0400][gc          ] GC(0) Pause Young (Normal) (G1 Evacuation Pause) 51M->7M(1024M) 5.543ms
[2021-09-07T11:03:53.289-0400][gc,cpu      ] GC(0) User=0.02s Sys=0.01s Real=0.00s
[2021-09-07T11:03:53.451-0400][gc,start    ] GC(1) Pause Young (Concurrent Start) (Metadata GC Threshold)
[2021-09-07T11:03:53.451-0400][gc,task     ] GC(1) Using 8 workers of 8 for evacuation
[2021-09-07T11:03:53.456-0400][gc,phases   ] GC(1)   Pre Evacuate Collection Set: 0.1ms
[2021-09-07T11:03:53.456-0400][gc,phases   ] GC(1)   Merge Heap Roots: 0.1ms
[2021-09-07T11:03:53.456-0400][gc,phases   ] GC(1)   Evacuate Collection Set: 4.9ms
[2021-09-07T11:03:53.456-0400][gc,phases   ] GC(1)   Post Evacuate Collection Set: 0.4ms
[2021-09-07T11:03:53.456-0400][gc,phases   ] GC(1)   Other: 0.3ms
[2021-09-07T11:03:53.456-0400][gc,heap     ] GC(1) Eden regions: 10->0(50)
[2021-09-07T11:03:53.456-0400][gc,heap     ] GC(1) Survivor regions: 7->1(7)
[2021-09-07T11:03:53.456-0400][gc,heap     ] GC(1) Old regions: 0->7
[2021-09-07T11:03:53.456-0400][gc,heap     ] GC(1) Archive regions: 2->2
[2021-09-07T11:03:53.456-0400][gc,heap     ] GC(1) Humongous regions: 0->0
[2021-09-07T11:03:53.456-0400][gc,metaspace] GC(1) Metaspace: 21027K(21248K)->21027K(21248K) NonClass: 18502K(18624K)->18502K(18624K) Class: 2524K(2624K)->2524K(2624K)
[2021-09-07T11:03:53.456-0400][gc          ] GC(1) Pause Young (Concurrent Start) (Metadata GC Threshold) 17M->8M(1024M) 5.852ms
[2021-09-07T11:03:53.456-0400][gc,cpu      ] GC(1) User=0.03s Sys=0.01s Real=0.00s
[2021-09-07T11:03:53.456-0400][gc          ] GC(2) Concurrent Mark Cycle
[2021-09-07T11:03:53.457-0400][gc,marking  ] GC(2) Concurrent Clear Claimed Marks
[2021-09-07T11:03:53.457-0400][gc,marking  ] GC(2) Concurrent Clear Claimed Marks 0.016ms
[2021-09-07T11:03:53.457-0400][gc,marking  ] GC(2) Concurrent Scan Root Regions
[2021-09-07T11:03:53.459-0400][gc,marking  ] GC(2) Concurrent Scan Root Regions 2.821ms
[2021-09-07T11:03:53.459-0400][gc,marking  ] GC(2) Concurrent Mark
[2021-09-07T11:03:53.459-0400][gc,marking  ] GC(2) Concurrent Mark From Roots
[2021-09-07T11:03:53.459-0400][gc,task     ] GC(2) Using 2 workers of 2 for marking
[2021-09-07T11:03:53.461-0400][gc,marking  ] GC(2) Concurrent Mark From Roots 1.271ms
[2021-09-07T11:03:53.461-0400][gc,marking  ] GC(2) Concurrent Preclean
[2021-09-07T11:03:53.461-0400][gc,marking  ] GC(2) Concurrent Preclean 0.036ms
[2021-09-07T11:03:53.461-0400][gc,start    ] GC(2) Pause Remark
[2021-09-07T11:03:53.462-0400][gc          ] GC(2) Pause Remark 9M->9M(1024M) 1.191ms
[2021-09-07T11:03:53.462-0400][gc,cpu      ] GC(2) User=0.00s Sys=0.00s Real=0.00s
[2021-09-07T11:03:53.462-0400][gc,marking  ] GC(2) Concurrent Mark 2.731ms
[2021-09-07T11:03:53.462-0400][gc,marking  ] GC(2) Concurrent Rebuild Remembered Sets
[2021-09-07T11:03:53.464-0400][gc,marking  ] GC(2) Concurrent Rebuild Remembered Sets 1.925ms
[2021-09-07T11:03:53.464-0400][gc,start    ] GC(2) Pause Cleanup
[2021-09-07T11:03:53.464-0400][gc          ] GC(2) Pause Cleanup 9M->9M(1024M) 0.127ms
[2021-09-07T11:03:53.464-0400][gc,cpu      ] GC(2) User=0.00s Sys=0.00s Real=0.00s
[2021-09-07T11:03:53.464-0400][gc,marking  ] GC(2) Concurrent Cleanup for Next Mark
[2021-09-07T11:03:53.470-0400][gc,marking  ] GC(2) Concurrent Cleanup for Next Mark 5.138ms
[2021-09-07T11:03:53.470-0400][gc          ] GC(2) Concurrent Mark Cycle 13.149ms
[2021-09-07T11:03:54.253-0400][gc,start    ] GC(3) Pause Young (Normal) (G1 Evacuation Pause)
[2021-09-07T11:03:54.253-0400][gc,task     ] GC(3) Using 8 workers of 8 for evacuation
[2021-09-07T11:03:54.257-0400][gc,phases   ] GC(3)   Pre Evacuate Collection Set: 0.1ms
[2021-09-07T11:03:54.257-0400][gc,phases   ] GC(3)   Merge Heap Roots: 0.1ms
[2021-09-07T11:03:54.257-0400][gc,phases   ] GC(3)   Evacuate Collection Set: 3.5ms
[2021-09-07T11:03:54.257-0400][gc,phases   ] GC(3)   Post Evacuate Collection Set: 0.4ms
[2021-09-07T11:03:54.257-0400][gc,phases   ] GC(3)   Other: 0.1ms
[2021-09-07T11:03:54.257-0400][gc,heap     ] GC(3) Eden regions: 50->0(45)
[2021-09-07T11:03:54.257-0400][gc,heap     ] GC(3) Survivor regions: 1->6(7)
[2021-09-07T11:03:54.257-0400][gc,heap     ] GC(3) Old regions: 7->7
[2021-09-07T11:03:54.257-0400][gc,heap     ] GC(3) Archive regions: 2->2
[2021-09-07T11:03:54.257-0400][gc,heap     ] GC(3) Humongous regions: 129->129
[2021-09-07T11:03:54.257-0400][gc,metaspace] GC(3) Metaspace: 31684K(32000K)->31684K(32000K) NonClass: 28120K(28288K)->28120K(28288K) Class: 3563K(3712K)->3563K(3712K)
[2021-09-07T11:03:54.257-0400][gc          ] GC(3) Pause Young (Normal) (G1 Evacuation Pause) 187M->142M(1024M) 4.390ms
[2021-09-07T11:03:54.257-0400][gc,cpu      ] GC(3) User=0.02s Sys=0.00s Real=0.00s
[2021-09-07T11:03:54.400-0400][gc,start    ] GC(4) Pause Young (Concurrent Start) (Metadata GC Threshold)
[2021-09-07T11:03:54.400-0400][gc,task     ] GC(4) Using 8 workers of 8 for evacuation
[2021-09-07T11:03:54.405-0400][gc,phases   ] GC(4)   Pre Evacuate Collection Set: 0.1ms
[2021-09-07T11:03:54.405-0400][gc,phases   ] GC(4)   Merge Heap Roots: 0.0ms
[2021-09-07T11:03:54.405-0400][gc,phases   ] GC(4)   Evacuate Collection Set: 4.5ms
[2021-09-07T11:03:54.405-0400][gc,phases   ] GC(4)   Post Evacuate Collection Set: 0.3ms
[2021-09-07T11:03:54.405-0400][gc,phases   ] GC(4)   Other: 0.2ms
[2021-09-07T11:03:54.405-0400][gc,heap     ] GC(4) Eden regions: 17->0(49)
[2021-09-07T11:03:54.405-0400][gc,heap     ] GC(4) Survivor regions: 6->2(7)
[2021-09-07T11:03:54.405-0400][gc,heap     ] GC(4) Old regions: 7->13
[2021-09-07T11:03:54.405-0400][gc,heap     ] GC(4) Archive regions: 2->2
[2021-09-07T11:03:54.405-0400][gc,heap     ] GC(4) Humongous regions: 129->129
[2021-09-07T11:03:54.405-0400][gc,metaspace] GC(4) Metaspace: 35348K(35648K)->35348K(35648K) NonClass: 31274K(31424K)->31274K(31424K) Class: 4073K(4224K)->4073K(4224K)
[2021-09-07T11:03:54.405-0400][gc          ] GC(4) Pause Young (Concurrent Start) (Metadata GC Threshold) 159M->143M(1024M) 5.261ms
[2021-09-07T11:03:54.405-0400][gc,cpu      ] GC(4) User=0.03s Sys=0.01s Real=0.00s
[2021-09-07T11:03:54.405-0400][gc          ] GC(5) Concurrent Mark Cycle
[2021-09-07T11:03:54.405-0400][gc,marking  ] GC(5) Concurrent Clear Claimed Marks
[2021-09-07T11:03:54.405-0400][gc,marking  ] GC(5) Concurrent Clear Claimed Marks 0.023ms
[2021-09-07T11:03:54.405-0400][gc,marking  ] GC(5) Concurrent Scan Root Regions
[2021-09-07T11:03:54.408-0400][gc,marking  ] GC(5) Concurrent Scan Root Regions 2.815ms
[2021-09-07T11:03:54.408-0400][gc,marking  ] GC(5) Concurrent Mark
[2021-09-07T11:03:54.408-0400][gc,marking  ] GC(5) Concurrent Mark From Roots
[2021-09-07T11:03:54.408-0400][gc,task     ] GC(5) Using 2 workers of 2 for marking
[2021-09-07T11:03:54.416-0400][gc,marking  ] GC(5) Concurrent Mark From Roots 7.915ms
[2021-09-07T11:03:54.416-0400][gc,marking  ] GC(5) Concurrent Preclean
[2021-09-07T11:03:54.416-0400][gc,marking  ] GC(5) Concurrent Preclean 0.053ms
[2021-09-07T11:03:54.416-0400][gc,start    ] GC(5) Pause Remark
[2021-09-07T11:03:54.418-0400][gc          ] GC(5) Pause Remark 145M->145M(1024M) 1.237ms
[2021-09-07T11:03:54.418-0400][gc,cpu      ] GC(5) User=0.00s Sys=0.00s Real=0.00s
[2021-09-07T11:03:54.418-0400][gc,marking  ] GC(5) Concurrent Mark 9.465ms
[2021-09-07T11:03:54.418-0400][gc,marking  ] GC(5) Concurrent Rebuild Remembered Sets
[2021-09-07T11:03:54.423-0400][gc,marking  ] GC(5) Concurrent Rebuild Remembered Sets 5.076ms
[2021-09-07T11:03:54.423-0400][gc,start    ] GC(5) Pause Cleanup
[2021-09-07T11:03:54.423-0400][gc          ] GC(5) Pause Cleanup 146M->146M(1024M) 0.117ms
[2021-09-07T11:03:54.423-0400][gc,cpu      ] GC(5) User=0.00s Sys=0.00s Real=0.00s
[2021-09-07T11:03:54.423-0400][gc,marking  ] GC(5) Concurrent Cleanup for Next Mark
[2021-09-07T11:03:54.429-0400][gc,marking  ] GC(5) Concurrent Cleanup for Next Mark 5.601ms
[2021-09-07T11:03:54.429-0400][gc          ] GC(5) Concurrent Mark Cycle 23.458ms
[2021-09-07T11:05:49.688-0400][gc,heap,exit] Heap
[2021-09-07T11:05:49.688-0400][gc,heap,exit]  garbage-first heap   total 1048576K, used 205627K [0x00000007c0000000, 0x0000000800000000)
[2021-09-07T11:05:49.688-0400][gc,heap,exit]   region size 1024K, 41 young (41984K), 2 survivors (2048K)
[2021-09-07T11:05:49.688-0400][gc,heap,exit]  Metaspace       used 39891K, committed 40448K, reserved 1089536K
[2021-09-07T11:05:49.688-0400][gc,heap,exit]   class space    used 4859K, committed 5120K, reserved 1048576K
