[2021-09-07T08:04:10.372-0400][gc] Using G1
[2021-09-07T08:04:10.379-0400][gc,init] Version: 16.0.2+7-67 (release)
[2021-09-07T08:04:10.379-0400][gc,init] CPUs: 8 total, 8 available
[2021-09-07T08:04:10.379-0400][gc,init] Memory: 16384M
[2021-09-07T08:04:10.379-0400][gc,init] Large Page Support: Disabled
[2021-09-07T08:04:10.379-0400][gc,init] NUMA Support: Disabled
[2021-09-07T08:04:10.379-0400][gc,init] Compressed Oops: Enabled (Zero based)
[2021-09-07T08:04:10.379-0400][gc,init] Heap Region Size: 1M
[2021-09-07T08:04:10.379-0400][gc,init] Heap Min Capacity: 1G
[2021-09-07T08:04:10.379-0400][gc,init] Heap Initial Capacity: 1G
[2021-09-07T08:04:10.379-0400][gc,init] Heap Max Capacity: 1G
[2021-09-07T08:04:10.379-0400][gc,init] Pre-touch: Disabled
[2021-09-07T08:04:10.379-0400][gc,init] Parallel Workers: 8
[2021-09-07T08:04:10.379-0400][gc,init] Concurrent Workers: 2
[2021-09-07T08:04:10.379-0400][gc,init] Concurrent Refinement Workers: 8
[2021-09-07T08:04:10.379-0400][gc,init] Periodic GC: Disabled
[2021-09-07T08:04:10.379-0400][gc,metaspace] CDS archive(s) mapped at: [0x0000000800000000-0x0000000800bbb000-0x0000000800bbb000), size 12300288, SharedBaseAddress: 0x0000000800000000, ArchiveRelocationMode: 0.
[2021-09-07T08:04:10.379-0400][gc,metaspace] Compressed class space mapped at: 0x0000000800c00000-0x0000000840c00000, reserved size: 1073741824
[2021-09-07T08:04:10.379-0400][gc,metaspace] Narrow klass base: 0x0000000800000000, Narrow klass shift: 3, Narrow klass range: 0x100000000
[2021-09-07T08:04:11.976-0400][gc,start    ] GC(0) Pause Young (Normal) (G1 Evacuation Pause)
[2021-09-07T08:04:11.976-0400][gc,task     ] GC(0) Using 8 workers of 8 for evacuation
[2021-09-07T08:04:11.981-0400][gc,phases   ] GC(0)   Pre Evacuate Collection Set: 0.1ms
[2021-09-07T08:04:11.981-0400][gc,phases   ] GC(0)   Merge Heap Roots: 0.1ms
[2021-09-07T08:04:11.981-0400][gc,phases   ] GC(0)   Evacuate Collection Set: 3.9ms
[2021-09-07T08:04:11.981-0400][gc,phases   ] GC(0)   Post Evacuate Collection Set: 0.6ms
[2021-09-07T08:04:11.981-0400][gc,phases   ] GC(0)   Other: 0.7ms
[2021-09-07T08:04:11.981-0400][gc,heap     ] GC(0) Eden regions: 51->0(44)
[2021-09-07T08:04:11.981-0400][gc,heap     ] GC(0) Survivor regions: 0->7(7)
[2021-09-07T08:04:11.981-0400][gc,heap     ] GC(0) Old regions: 0->1
[2021-09-07T08:04:11.981-0400][gc,heap     ] GC(0) Archive regions: 2->2
[2021-09-07T08:04:11.981-0400][gc,heap     ] GC(0) Humongous regions: 0->0
[2021-09-07T08:04:11.981-0400][gc,metaspace] GC(0) Metaspace: 18463K(18688K)->18463K(18688K) NonClass: 16241K(16384K)->16241K(16384K) Class: 2222K(2304K)->2222K(2304K)
[2021-09-07T08:04:11.981-0400][gc          ] GC(0) Pause Young (Normal) (G1 Evacuation Pause) 51M->8M(1024M) 5.511ms
[2021-09-07T08:04:11.981-0400][gc,cpu      ] GC(0) User=0.03s Sys=0.01s Real=0.01s
[2021-09-07T08:04:12.167-0400][gc,start    ] GC(1) Pause Young (Concurrent Start) (Metadata GC Threshold)
[2021-09-07T08:04:12.167-0400][gc,task     ] GC(1) Using 8 workers of 8 for evacuation
[2021-09-07T08:04:12.173-0400][gc,phases   ] GC(1)   Pre Evacuate Collection Set: 0.1ms
[2021-09-07T08:04:12.173-0400][gc,phases   ] GC(1)   Merge Heap Roots: 0.0ms
[2021-09-07T08:04:12.173-0400][gc,phases   ] GC(1)   Evacuate Collection Set: 5.2ms
[2021-09-07T08:04:12.173-0400][gc,phases   ] GC(1)   Post Evacuate Collection Set: 0.4ms
[2021-09-07T08:04:12.173-0400][gc,phases   ] GC(1)   Other: 0.3ms
[2021-09-07T08:04:12.173-0400][gc,heap     ] GC(1) Eden regions: 10->0(50)
[2021-09-07T08:04:12.173-0400][gc,heap     ] GC(1) Survivor regions: 7->1(7)
[2021-09-07T08:04:12.173-0400][gc,heap     ] GC(1) Old regions: 1->7
[2021-09-07T08:04:12.173-0400][gc,heap     ] GC(1) Archive regions: 2->2
[2021-09-07T08:04:12.173-0400][gc,heap     ] GC(1) Humongous regions: 0->0
[2021-09-07T08:04:12.173-0400][gc,metaspace] GC(1) Metaspace: 21010K(21248K)->21010K(21248K) NonClass: 18489K(18624K)->18489K(18624K) Class: 2521K(2624K)->2521K(2624K)
[2021-09-07T08:04:12.173-0400][gc          ] GC(1) Pause Young (Concurrent Start) (Metadata GC Threshold) 17M->8M(1024M) 6.353ms
[2021-09-07T08:04:12.173-0400][gc,cpu      ] GC(1) User=0.03s Sys=0.01s Real=0.01s
[2021-09-07T08:04:12.173-0400][gc          ] GC(2) Concurrent Mark Cycle
[2021-09-07T08:04:12.174-0400][gc,marking  ] GC(2) Concurrent Clear Claimed Marks
[2021-09-07T08:04:12.174-0400][gc,marking  ] GC(2) Concurrent Clear Claimed Marks 0.025ms
[2021-09-07T08:04:12.174-0400][gc,marking  ] GC(2) Concurrent Scan Root Regions
[2021-09-07T08:04:12.176-0400][gc,marking  ] GC(2) Concurrent Scan Root Regions 2.586ms
[2021-09-07T08:04:12.176-0400][gc,marking  ] GC(2) Concurrent Mark
[2021-09-07T08:04:12.176-0400][gc,marking  ] GC(2) Concurrent Mark From Roots
[2021-09-07T08:04:12.176-0400][gc,task     ] GC(2) Using 2 workers of 2 for marking
[2021-09-07T08:04:12.177-0400][gc,marking  ] GC(2) Concurrent Mark From Roots 1.186ms
[2021-09-07T08:04:12.177-0400][gc,marking  ] GC(2) Concurrent Preclean
[2021-09-07T08:04:12.177-0400][gc,marking  ] GC(2) Concurrent Preclean 0.046ms
[2021-09-07T08:04:12.178-0400][gc,start    ] GC(2) Pause Remark
[2021-09-07T08:04:12.179-0400][gc          ] GC(2) Pause Remark 9M->9M(1024M) 1.253ms
[2021-09-07T08:04:12.179-0400][gc,cpu      ] GC(2) User=0.00s Sys=0.00s Real=0.00s
[2021-09-07T08:04:12.179-0400][gc,marking  ] GC(2) Concurrent Mark 2.768ms
[2021-09-07T08:04:12.179-0400][gc,marking  ] GC(2) Concurrent Rebuild Remembered Sets
[2021-09-07T08:04:12.181-0400][gc,marking  ] GC(2) Concurrent Rebuild Remembered Sets 2.135ms
[2021-09-07T08:04:12.181-0400][gc,start    ] GC(2) Pause Cleanup
[2021-09-07T08:04:12.181-0400][gc          ] GC(2) Pause Cleanup 9M->9M(1024M) 0.125ms
[2021-09-07T08:04:12.181-0400][gc,cpu      ] GC(2) User=0.00s Sys=0.00s Real=0.00s
[2021-09-07T08:04:12.182-0400][gc,marking  ] GC(2) Concurrent Cleanup for Next Mark
[2021-09-07T08:04:12.186-0400][gc,marking  ] GC(2) Concurrent Cleanup for Next Mark 4.474ms
[2021-09-07T08:04:12.186-0400][gc          ] GC(2) Concurrent Mark Cycle 12.544ms
[2021-09-07T08:04:13.091-0400][gc,start    ] GC(3) Pause Young (Normal) (G1 Evacuation Pause)
[2021-09-07T08:04:13.091-0400][gc,task     ] GC(3) Using 8 workers of 8 for evacuation
[2021-09-07T08:04:13.095-0400][gc,phases   ] GC(3)   Pre Evacuate Collection Set: 0.1ms
[2021-09-07T08:04:13.095-0400][gc,phases   ] GC(3)   Merge Heap Roots: 0.0ms
[2021-09-07T08:04:13.095-0400][gc,phases   ] GC(3)   Evacuate Collection Set: 3.3ms
[2021-09-07T08:04:13.095-0400][gc,phases   ] GC(3)   Post Evacuate Collection Set: 0.4ms
[2021-09-07T08:04:13.095-0400][gc,phases   ] GC(3)   Other: 0.1ms
[2021-09-07T08:04:13.095-0400][gc,heap     ] GC(3) Eden regions: 50->0(45)
[2021-09-07T08:04:13.095-0400][gc,heap     ] GC(3) Survivor regions: 1->6(7)
[2021-09-07T08:04:13.095-0400][gc,heap     ] GC(3) Old regions: 7->7
[2021-09-07T08:04:13.095-0400][gc,heap     ] GC(3) Archive regions: 2->2
[2021-09-07T08:04:13.095-0400][gc,heap     ] GC(3) Humongous regions: 129->129
[2021-09-07T08:04:13.095-0400][gc,metaspace] GC(3) Metaspace: 31611K(31936K)->31611K(31936K) NonClass: 28089K(28288K)->28089K(28288K) Class: 3521K(3648K)->3521K(3648K)
[2021-09-07T08:04:13.095-0400][gc          ] GC(3) Pause Young (Normal) (G1 Evacuation Pause) 187M->142M(1024M) 4.106ms
[2021-09-07T08:04:13.095-0400][gc,cpu      ] GC(3) User=0.02s Sys=0.00s Real=0.00s
[2021-09-07T08:04:36.584-0400][gc,start    ] GC(4) Pause Young (Concurrent Start) (Metadata GC Threshold)
[2021-09-07T08:04:36.584-0400][gc,task     ] GC(4) Using 8 workers of 8 for evacuation
[2021-09-07T08:04:36.590-0400][gc,phases   ] GC(4)   Pre Evacuate Collection Set: 0.1ms
[2021-09-07T08:04:36.590-0400][gc,phases   ] GC(4)   Merge Heap Roots: 0.0ms
[2021-09-07T08:04:36.590-0400][gc,phases   ] GC(4)   Evacuate Collection Set: 5.1ms
[2021-09-07T08:04:36.590-0400][gc,phases   ] GC(4)   Post Evacuate Collection Set: 0.4ms
[2021-09-07T08:04:36.590-0400][gc,phases   ] GC(4)   Other: 1.1ms
[2021-09-07T08:04:36.590-0400][gc,heap     ] GC(4) Eden regions: 18->0(49)
[2021-09-07T08:04:36.590-0400][gc,heap     ] GC(4) Survivor regions: 6->2(7)
[2021-09-07T08:04:36.590-0400][gc,heap     ] GC(4) Old regions: 7->13
[2021-09-07T08:04:36.590-0400][gc,heap     ] GC(4) Archive regions: 2->2
[2021-09-07T08:04:36.590-0400][gc,heap     ] GC(4) Humongous regions: 129->129
[2021-09-07T08:04:36.591-0400][gc,metaspace] GC(4) Metaspace: 35198K(35520K)->35198K(35520K) NonClass: 31121K(31296K)->31121K(31296K) Class: 4077K(4224K)->4077K(4224K)
[2021-09-07T08:04:36.591-0400][gc          ] GC(4) Pause Young (Concurrent Start) (Metadata GC Threshold) 159M->143M(1024M) 6.940ms
[2021-09-07T08:04:36.591-0400][gc,cpu      ] GC(4) User=0.03s Sys=0.00s Real=0.01s
[2021-09-07T08:04:36.591-0400][gc          ] GC(5) Concurrent Mark Cycle
[2021-09-07T08:04:36.591-0400][gc,marking  ] GC(5) Concurrent Clear Claimed Marks
[2021-09-07T08:04:36.591-0400][gc,marking  ] GC(5) Concurrent Clear Claimed Marks 0.028ms
[2021-09-07T08:04:36.591-0400][gc,marking  ] GC(5) Concurrent Scan Root Regions
[2021-09-07T08:04:36.595-0400][gc,marking  ] GC(5) Concurrent Scan Root Regions 4.071ms
[2021-09-07T08:04:36.595-0400][gc,marking  ] GC(5) Concurrent Mark
[2021-09-07T08:04:36.595-0400][gc,marking  ] GC(5) Concurrent Mark From Roots
[2021-09-07T08:04:36.595-0400][gc,task     ] GC(5) Using 2 workers of 2 for marking
[2021-09-07T08:04:36.602-0400][gc,marking  ] GC(5) Concurrent Mark From Roots 6.279ms
[2021-09-07T08:04:36.602-0400][gc,marking  ] GC(5) Concurrent Preclean
[2021-09-07T08:04:36.602-0400][gc,marking  ] GC(5) Concurrent Preclean 0.061ms
[2021-09-07T08:04:36.602-0400][gc,start    ] GC(5) Pause Remark
[2021-09-07T08:04:36.603-0400][gc          ] GC(5) Pause Remark 144M->144M(1024M) 1.383ms
[2021-09-07T08:04:36.603-0400][gc,cpu      ] GC(5) User=0.00s Sys=0.00s Real=0.00s
[2021-09-07T08:04:36.603-0400][gc,marking  ] GC(5) Concurrent Mark 7.982ms
[2021-09-07T08:04:36.603-0400][gc,marking  ] GC(5) Concurrent Rebuild Remembered Sets
[2021-09-07T08:04:36.609-0400][gc,marking  ] GC(5) Concurrent Rebuild Remembered Sets 5.490ms
[2021-09-07T08:04:36.610-0400][gc,start    ] GC(5) Pause Cleanup
[2021-09-07T08:04:36.610-0400][gc          ] GC(5) Pause Cleanup 144M->144M(1024M) 0.139ms
[2021-09-07T08:04:36.610-0400][gc,cpu      ] GC(5) User=0.00s Sys=0.00s Real=0.00s
[2021-09-07T08:04:36.610-0400][gc,marking  ] GC(5) Concurrent Cleanup for Next Mark
[2021-09-07T08:04:36.616-0400][gc,marking  ] GC(5) Concurrent Cleanup for Next Mark 6.415ms
[2021-09-07T08:04:36.616-0400][gc          ] GC(5) Concurrent Mark Cycle 25.796ms
[2021-09-07T08:10:56.683-0400][gc,start    ] GC(6) Pause Young (Normal) (G1 Evacuation Pause)
[2021-09-07T08:10:56.683-0400][gc,task     ] GC(6) Using 8 workers of 8 for evacuation
[2021-09-07T08:10:56.689-0400][gc,phases   ] GC(6)   Pre Evacuate Collection Set: 0.1ms
[2021-09-07T08:10:56.689-0400][gc,phases   ] GC(6)   Merge Heap Roots: 0.1ms
[2021-09-07T08:10:56.689-0400][gc,phases   ] GC(6)   Evacuate Collection Set: 4.3ms
[2021-09-07T08:10:56.689-0400][gc,phases   ] GC(6)   Post Evacuate Collection Set: 0.9ms
[2021-09-07T08:10:56.689-0400][gc,phases   ] GC(6)   Other: 0.2ms
[2021-09-07T08:10:56.689-0400][gc,heap     ] GC(6) Eden regions: 49->0(47)
[2021-09-07T08:10:56.689-0400][gc,heap     ] GC(6) Survivor regions: 2->4(7)
[2021-09-07T08:10:56.689-0400][gc,heap     ] GC(6) Old regions: 13->13
[2021-09-07T08:10:56.689-0400][gc,heap     ] GC(6) Archive regions: 2->2
[2021-09-07T08:10:56.689-0400][gc,heap     ] GC(6) Humongous regions: 129->129
[2021-09-07T08:10:56.689-0400][gc,metaspace] GC(6) Metaspace: 39880K(40512K)->39880K(40512K) NonClass: 35107K(35456K)->35107K(35456K) Class: 4773K(5056K)->4773K(5056K)
[2021-09-07T08:10:56.689-0400][gc          ] GC(6) Pause Young (Normal) (G1 Evacuation Pause) 192M->145M(1024M) 5.825ms
[2021-09-07T08:10:56.689-0400][gc,cpu      ] GC(6) User=0.03s Sys=0.01s Real=0.00s
[2021-09-07T08:11:01.269-0400][gc,heap,exit] Heap
[2021-09-07T08:11:01.269-0400][gc,heap,exit]  garbage-first heap   total 1048576K, used 156369K [0x00000007c0000000, 0x0000000800000000)
[2021-09-07T08:11:01.269-0400][gc,heap,exit]   region size 1024K, 11 young (11264K), 4 survivors (4096K)
[2021-09-07T08:11:01.269-0400][gc,heap,exit]  Metaspace       used 40240K, committed 40832K, reserved 1089536K
[2021-09-07T08:11:01.269-0400][gc,heap,exit]   class space    used 4859K, committed 5120K, reserved 1048576K
