[2021-09-02T08:13:41.881-0400][gc] Using G1
[2021-09-02T08:13:41.884-0400][gc,init] Version: 16.0.2+7-67 (release)
[2021-09-02T08:13:41.884-0400][gc,init] CPUs: 8 total, 8 available
[2021-09-02T08:13:41.884-0400][gc,init] Memory: 16384M
[2021-09-02T08:13:41.884-0400][gc,init] Large Page Support: Disabled
[2021-09-02T08:13:41.884-0400][gc,init] NUMA Support: Disabled
[2021-09-02T08:13:41.884-0400][gc,init] Compressed Oops: Enabled (Zero based)
[2021-09-02T08:13:41.884-0400][gc,init] Heap Region Size: 1M
[2021-09-02T08:13:41.884-0400][gc,init] Heap Min Capacity: 512M
[2021-09-02T08:13:41.884-0400][gc,init] Heap Initial Capacity: 512M
[2021-09-02T08:13:41.884-0400][gc,init] Heap Max Capacity: 512M
[2021-09-02T08:13:41.884-0400][gc,init] Pre-touch: Disabled
[2021-09-02T08:13:41.884-0400][gc,init] Parallel Workers: 8
[2021-09-02T08:13:41.884-0400][gc,init] Concurrent Workers: 2
[2021-09-02T08:13:41.884-0400][gc,init] Concurrent Refinement Workers: 8
[2021-09-02T08:13:41.885-0400][gc,init] Periodic GC: Disabled
[2021-09-02T08:13:41.885-0400][gc,metaspace] CDS archive(s) mapped at: [0x0000000800000000-0x0000000800bbb000-0x0000000800bbb000), size 12300288, SharedBaseAddress: 0x0000000800000000, ArchiveRelocationMode: 0.
[2021-09-02T08:13:41.885-0400][gc,metaspace] Compressed class space mapped at: 0x0000000800c00000-0x0000000840c00000, reserved size: 1073741824
[2021-09-02T08:13:41.885-0400][gc,metaspace] Narrow klass base: 0x0000000800000000, Narrow klass shift: 3, Narrow klass range: 0x100000000
[2021-09-02T08:49:40.700-0400][gc,heap,exit] Heap
[2021-09-02T08:49:40.700-0400][gc,heap,exit]  garbage-first heap   total 524288K, used 21448K [0x00000007e0000000, 0x0000000800000000)
[2021-09-02T08:49:40.700-0400][gc,heap,exit]   region size 1024K, 20 young (20480K), 0 survivors (0K)
[2021-09-02T08:49:40.700-0400][gc,heap,exit]  Metaspace       used 6731K, committed 6848K, reserved 1056768K
[2021-09-02T08:49:40.700-0400][gc,heap,exit]   class space    used 739K, committed 768K, reserved 1048576K
