[2021-09-02T08:01:55.377-0400][gc] Using G1
[2021-09-02T08:01:55.380-0400][gc,init] Version: 16.0.2+7-67 (release)
[2021-09-02T08:01:55.381-0400][gc,init] CPUs: 8 total, 8 available
[2021-09-02T08:01:55.381-0400][gc,init] Memory: 16384M
[2021-09-02T08:01:55.381-0400][gc,init] Large Page Support: Disabled
[2021-09-02T08:01:55.381-0400][gc,init] NUMA Support: Disabled
[2021-09-02T08:01:55.381-0400][gc,init] Compressed Oops: Enabled (Zero based)
[2021-09-02T08:01:55.381-0400][gc,init] Heap Region Size: 1M
[2021-09-02T08:01:55.381-0400][gc,init] Heap Min Capacity: 512M
[2021-09-02T08:01:55.381-0400][gc,init] Heap Initial Capacity: 512M
[2021-09-02T08:01:55.381-0400][gc,init] Heap Max Capacity: 512M
[2021-09-02T08:01:55.381-0400][gc,init] Pre-touch: Disabled
[2021-09-02T08:01:55.381-0400][gc,init] Parallel Workers: 8
[2021-09-02T08:01:55.381-0400][gc,init] Concurrent Workers: 2
[2021-09-02T08:01:55.381-0400][gc,init] Concurrent Refinement Workers: 8
[2021-09-02T08:01:55.381-0400][gc,init] Periodic GC: Disabled
[2021-09-02T08:01:55.382-0400][gc,metaspace] CDS archive(s) mapped at: [0x0000000800000000-0x0000000800bbb000-0x0000000800bbb000), size 12300288, SharedBaseAddress: 0x0000000800000000, ArchiveRelocationMode: 0.
[2021-09-02T08:01:55.382-0400][gc,metaspace] Compressed class space mapped at: 0x0000000800c00000-0x0000000840c00000, reserved size: 1073741824
[2021-09-02T08:01:55.382-0400][gc,metaspace] Narrow klass base: 0x0000000800000000, Narrow klass shift: 3, Narrow klass range: 0x100000000
[2021-09-02T08:05:44.386-0400][gc,heap,exit] Heap
[2021-09-02T08:05:44.386-0400][gc,heap,exit]  garbage-first heap   total 524288K, used 21448K [0x00000007e0000000, 0x0000000800000000)
[2021-09-02T08:05:44.386-0400][gc,heap,exit]   region size 1024K, 20 young (20480K), 0 survivors (0K)
[2021-09-02T08:05:44.387-0400][gc,heap,exit]  Metaspace       used 6798K, committed 7040K, reserved 1056768K
[2021-09-02T08:05:44.387-0400][gc,heap,exit]   class space    used 748K, committed 896K, reserved 1048576K
